<testsuites id="" name="" tests="45" failures="0" skipped="45" errors="0" time="0.02069200000000001">
<testsuite name="auth.spec.ts" timestamp="2025-09-03T15:57:43.062Z" hostname="chromium" tests="9" failures="0" skipped="9" time="0" errors="0">
<testcase name="Authentication Flow › should display login page for unauthenticated users" classname="auth.spec.ts" time="0">
<skipped>
</skipped>
</testcase>
<testcase name="Authentication Flow › should redirect to login from protected pages" classname="auth.spec.ts" time="0">
<skipped>
</skipped>
</testcase>
<testcase name="Authentication Flow › should handle OAuth flow initiation" classname="auth.spec.ts" time="0">
<skipped>
</skipped>
</testcase>
<testcase name="Authentication Flow › should display proper navigation for different user roles" classname="auth.spec.ts" time="0">
<skipped>
</skipped>
</testcase>
<testcase name="Authentication Flow › should handle session expiry gracefully" classname="auth.spec.ts" time="0">
<skipped>
</skipped>
</testcase>
<testcase name="Authentication Flow › should preserve redirect URL after login" classname="auth.spec.ts" time="0">
<skipped>
</skipped>
</testcase>
<testcase name="User Interface › should be responsive on mobile devices" classname="auth.spec.ts" time="0">
<skipped>
</skipped>
</testcase>
<testcase name="User Interface › should have proper accessibility features" classname="auth.spec.ts" time="0">
<skipped>
</skipped>
</testcase>
<testcase name="User Interface › should load within performance thresholds" classname="auth.spec.ts" time="0">
<skipped>
</skipped>
</testcase>
</testsuite>
<testsuite name="auth.spec.ts" timestamp="2025-09-03T15:57:43.062Z" hostname="firefox" tests="9" failures="0" skipped="9" time="0" errors="0">
<testcase name="Authentication Flow › should display login page for unauthenticated users" classname="auth.spec.ts" time="0">
<skipped>
</skipped>
</testcase>
<testcase name="Authentication Flow › should redirect to login from protected pages" classname="auth.spec.ts" time="0">
<skipped>
</skipped>
</testcase>
<testcase name="Authentication Flow › should handle OAuth flow initiation" classname="auth.spec.ts" time="0">
<skipped>
</skipped>
</testcase>
<testcase name="Authentication Flow › should display proper navigation for different user roles" classname="auth.spec.ts" time="0">
<skipped>
</skipped>
</testcase>
<testcase name="Authentication Flow › should handle session expiry gracefully" classname="auth.spec.ts" time="0">
<skipped>
</skipped>
</testcase>
<testcase name="Authentication Flow › should preserve redirect URL after login" classname="auth.spec.ts" time="0">
<skipped>
</skipped>
</testcase>
<testcase name="User Interface › should be responsive on mobile devices" classname="auth.spec.ts" time="0">
<skipped>
</skipped>
</testcase>
<testcase name="User Interface › should have proper accessibility features" classname="auth.spec.ts" time="0">
<skipped>
</skipped>
</testcase>
<testcase name="User Interface › should load within performance thresholds" classname="auth.spec.ts" time="0">
<skipped>
</skipped>
</testcase>
</testsuite>
<testsuite name="auth.spec.ts" timestamp="2025-09-03T15:57:43.062Z" hostname="webkit" tests="9" failures="0" skipped="9" time="0" errors="0">
<testcase name="Authentication Flow › should display login page for unauthenticated users" classname="auth.spec.ts" time="0">
<skipped>
</skipped>
</testcase>
<testcase name="Authentication Flow › should redirect to login from protected pages" classname="auth.spec.ts" time="0">
<skipped>
</skipped>
</testcase>
<testcase name="Authentication Flow › should handle OAuth flow initiation" classname="auth.spec.ts" time="0">
<skipped>
</skipped>
</testcase>
<testcase name="Authentication Flow › should display proper navigation for different user roles" classname="auth.spec.ts" time="0">
<skipped>
</skipped>
</testcase>
<testcase name="Authentication Flow › should handle session expiry gracefully" classname="auth.spec.ts" time="0">
<skipped>
</skipped>
</testcase>
<testcase name="Authentication Flow › should preserve redirect URL after login" classname="auth.spec.ts" time="0">
<skipped>
</skipped>
</testcase>
<testcase name="User Interface › should be responsive on mobile devices" classname="auth.spec.ts" time="0">
<skipped>
</skipped>
</testcase>
<testcase name="User Interface › should have proper accessibility features" classname="auth.spec.ts" time="0">
<skipped>
</skipped>
</testcase>
<testcase name="User Interface › should load within performance thresholds" classname="auth.spec.ts" time="0">
<skipped>
</skipped>
</testcase>
</testsuite>
<testsuite name="auth.spec.ts" timestamp="2025-09-03T15:57:43.062Z" hostname="Mobile Chrome" tests="9" failures="0" skipped="9" time="0" errors="0">
<testcase name="Authentication Flow › should display login page for unauthenticated users" classname="auth.spec.ts" time="0">
<skipped>
</skipped>
</testcase>
<testcase name="Authentication Flow › should redirect to login from protected pages" classname="auth.spec.ts" time="0">
<skipped>
</skipped>
</testcase>
<testcase name="Authentication Flow › should handle OAuth flow initiation" classname="auth.spec.ts" time="0">
<skipped>
</skipped>
</testcase>
<testcase name="Authentication Flow › should display proper navigation for different user roles" classname="auth.spec.ts" time="0">
<skipped>
</skipped>
</testcase>
<testcase name="Authentication Flow › should handle session expiry gracefully" classname="auth.spec.ts" time="0">
<skipped>
</skipped>
</testcase>
<testcase name="Authentication Flow › should preserve redirect URL after login" classname="auth.spec.ts" time="0">
<skipped>
</skipped>
</testcase>
<testcase name="User Interface › should be responsive on mobile devices" classname="auth.spec.ts" time="0">
<skipped>
</skipped>
</testcase>
<testcase name="User Interface › should have proper accessibility features" classname="auth.spec.ts" time="0">
<skipped>
</skipped>
</testcase>
<testcase name="User Interface › should load within performance thresholds" classname="auth.spec.ts" time="0">
<skipped>
</skipped>
</testcase>
</testsuite>
<testsuite name="auth.spec.ts" timestamp="2025-09-03T15:57:43.062Z" hostname="Mobile Safari" tests="9" failures="0" skipped="9" time="0" errors="0">
<testcase name="Authentication Flow › should display login page for unauthenticated users" classname="auth.spec.ts" time="0">
<skipped>
</skipped>
</testcase>
<testcase name="Authentication Flow › should redirect to login from protected pages" classname="auth.spec.ts" time="0">
<skipped>
</skipped>
</testcase>
<testcase name="Authentication Flow › should handle OAuth flow initiation" classname="auth.spec.ts" time="0">
<skipped>
</skipped>
</testcase>
<testcase name="Authentication Flow › should display proper navigation for different user roles" classname="auth.spec.ts" time="0">
<skipped>
</skipped>
</testcase>
<testcase name="Authentication Flow › should handle session expiry gracefully" classname="auth.spec.ts" time="0">
<skipped>
</skipped>
</testcase>
<testcase name="Authentication Flow › should preserve redirect URL after login" classname="auth.spec.ts" time="0">
<skipped>
</skipped>
</testcase>
<testcase name="User Interface › should be responsive on mobile devices" classname="auth.spec.ts" time="0">
<skipped>
</skipped>
</testcase>
<testcase name="User Interface › should have proper accessibility features" classname="auth.spec.ts" time="0">
<skipped>
</skipped>
</testcase>
<testcase name="User Interface › should load within performance thresholds" classname="auth.spec.ts" time="0">
<skipped>
</skipped>
</testcase>
</testsuite>
</testsuites>